
> frontend@1.4.0 test
> vitest run src/components/Footer.test.jsx


[1m[46m RUN [49m[22m [36mv4.0.15 [39m[90m/Users/tkrempel/Documents/Antigravity/Decide-O-Mat/frontend[39m

 [31m❯[39m src/components/Footer.test.jsx [2m([22m[2m3 tests[22m[2m | [22m[31m1 failed[39m[2m)[22m[32m 31[2mms[22m[39m
     [32m✓[39m renders closed lock when encrypted and no key present[32m 23[2mms[22m[39m
     [32m✓[39m renders open lock when encrypted and key IS present[32m 3[2mms[22m[39m
[31m     [31m×[31m renders unencrypted status when encryption is disabled[39m[32m 4[2mms[22m[39m

[31m⎯⎯⎯⎯⎯⎯⎯[39m[1m[41m Failed Tests 1 [49m[22m[31m⎯⎯⎯⎯⎯⎯⎯[39m

[41m[1m FAIL [22m[49m src/components/Footer.test.jsx[2m > [22mFooter Component[2m > [22mrenders unencrypted status when encryption is disabled
[31m[1mReferenceError[22m: __APP_ENV__ is not defined[39m
[36m [2m❯[22m Footer src/components/Footer.jsx:[2m35:104[22m[39m
    [90m 33| [39m                [33m<[39m[33m>[39m
    [90m 34| [39m                    <span style={{ color: 'var(--color-danger)', displ…
    [90m 35| [39m                        <LockIcon isOpen={true} size={14} color="var(-…
    [90m   | [39m                                                                                                       [31m^[39m
    [90m 36| [39m                    [33m<[39m[33m/[39m[33mspan[39m[33m>[39m
    [90m 37| [39m                    [33m<[39m[33mspan[39m[33m>[39m|[33m<[39m[33m/[39m[33mspan[39m[33m>[39m
[90m [2m❯[22m Object.react_stack_bottom_frame node_modules/react-dom/cjs/react-dom-client.development.js:[2m25904:20[22m[39m
[90m [2m❯[22m renderWithHooks node_modules/react-dom/cjs/react-dom-client.development.js:[2m7662:22[22m[39m
[90m [2m❯[22m updateFunctionComponent node_modules/react-dom/cjs/react-dom-client.development.js:[2m10166:19[22m[39m
[90m [2m❯[22m beginWork node_modules/react-dom/cjs/react-dom-client.development.js:[2m11778:18[22m[39m
[90m [2m❯[22m runWithFiberInDEV node_modules/react-dom/cjs/react-dom-client.development.js:[2m874:13[22m[39m
[90m [2m❯[22m performUnitOfWork node_modules/react-dom/cjs/react-dom-client.development.js:[2m17641:22[22m[39m
[90m [2m❯[22m workLoopSync node_modules/react-dom/cjs/react-dom-client.development.js:[2m17469:41[22m[39m
[90m [2m❯[22m renderRootSync node_modules/react-dom/cjs/react-dom-client.development.js:[2m17450:11[22m[39m
[90m [2m❯[22m performWorkOnRoot node_modules/react-dom/cjs/react-dom-client.development.js:[2m16583:35[22m[39m

[31m[2m⎯⎯⎯⎯⎯⎯⎯⎯⎯⎯⎯⎯⎯⎯⎯⎯⎯⎯⎯⎯⎯⎯⎯⎯[1/1]⎯[22m[39m


[2m Test Files [22m [1m[31m1 failed[39m[22m[90m (1)[39m
[2m      Tests [22m [1m[31m1 failed[39m[22m[2m | [22m[1m[32m2 passed[39m[22m[90m (3)[39m
[2m   Start at [22m 15:35:20
[2m   Duration [22m 1.35s[2m (transform 110ms, setup 136ms, import 324ms, tests 31ms, environment 726ms)[22m

